error[E0277]: the trait bound `Struct: Trait<isize>` is not satisfied
  --> $DIR/trait-coercion-generic-bad.rs:16:36
   |
LL |     let s: Box<dyn Trait<isize>> = Box::new(Struct { person: "Fred" });
   |                                    ^^^^^^^^^^^^^^^^^^^^^^^^^^^^^^^^^^^ the trait `Trait<isize>` is not implemented for `Struct`
   |
   = help: the following implementations were found:
             <Struct as Trait<&'static str>>
   = note: required for the cast to the object type `dyn Trait<isize>`
   = note: required because of the requirements on the impl of `CoerceUnsized<Box<dyn Trait<isize>>>` for `Box<Struct>`
   = note: required by cast to type `Box<dyn Trait<isize>>`
note: std::boxed::Box<Struct> as std::boxed::Box<dyn Trait<isize>>
  --> $DIR/trait-coercion-generic-bad.rs:16:36
   |
LL |     let s: Box<dyn Trait<isize>> = Box::new(Struct { person: "Fred" });
   |                                    ^^^^^^^^^^^^^^^^^^^^^^^^^^^^^^^^^^^

error: aborting due to previous error

For more information about this error, try `rustc --explain E0277`.
