error[E0282]: type annotations needed
  --> $DIR/E0282.rs:2:9
   |
LL |     let x = "hello".chars().rev().collect();
   |         ^ cannot infer type
   |
help: consider giving this binding a type
   |
LL |     let x: Type = "hello".chars().rev().collect();
   |          ^^^^^^

error: aborting due to previous error

For more information about this error, try `rustc --explain E0282`.
