error[E0080]: evaluation of constant value failed
  --> $DIR/const_panic_2021.rs:6:15
   |
LL | const A: () = std::panic!("blåhaj");
   |               ^^^^^^^^^^^^^^^^^^^^^ panic: blåhaj
   |
   = note: this error originates in the macro `$crate::panic::panic_2021` which comes from the expansion of the macro `std::panic` (in Nightly builds, run with -Z macro-backtrace for more info)

error[E0080]: evaluation of constant value failed
  --> $DIR/const_panic_2021.rs:9:15
   |
LL | const B: () = std::panic!();
   |               ^^^^^^^^^^^^^ panic: explicit panic
   |
   = note: this error originates in the macro `$crate::panic::panic_2021` which comes from the expansion of the macro `std::panic` (in Nightly builds, run with -Z macro-backtrace for more info)

error[E0080]: evaluation of constant value failed
  --> $DIR/const_panic_2021.rs:12:15
   |
LL | const C: () = std::unreachable!();
   |               ^^^^^^^^^^^^^^^^^^^ panic: internal error: entered unreachable code
   |
   = note: this error originates in the macro `$crate::panic::unreachable_2021` which comes from the expansion of the macro `std::unreachable` (in Nightly builds, run with -Z macro-backtrace for more info)

error[E0080]: evaluation of constant value failed
  --> $DIR/const_panic_2021.rs:15:15
   |
LL | const D: () = std::unimplemented!();
   |               ^^^^^^^^^^^^^^^^^^^^^ panic: not implemented
   |
   = note: this error originates in the macro `std::unimplemented` (in Nightly builds, run with -Z macro-backtrace for more info)

error[E0080]: evaluation of constant value failed
  --> $DIR/const_panic_2021.rs:18:15
   |
LL | const E: () = std::panic!("{}", MSG);
   |               ^^^^^^^^^^^^^^^^^^^^^^ panic: hello
   |
   = note: this error originates in the macro `$crate::panic::panic_2021` which comes from the expansion of the macro `std::panic` (in Nightly builds, run with -Z macro-backtrace for more info)

error[E0080]: evaluation of constant value failed
  --> $DIR/const_panic_2021.rs:21:20
   |
LL | const A_CORE: () = core::panic!("shark");
   |                    ^^^^^^^^^^^^^^^^^^^^^ panic: shark
   |
   = note: this error originates in the macro `$crate::panic::panic_2021` which comes from the expansion of the macro `core::panic` (in Nightly builds, run with -Z macro-backtrace for more info)

error[E0080]: evaluation of constant value failed
  --> $DIR/const_panic_2021.rs:24:20
   |
LL | const B_CORE: () = core::panic!();
   |                    ^^^^^^^^^^^^^^ panic: explicit panic
   |
   = note: this error originates in the macro `$crate::panic::panic_2021` which comes from the expansion of the macro `core::panic` (in Nightly builds, run with -Z macro-backtrace for more info)

error[E0080]: evaluation of constant value failed
  --> $DIR/const_panic_2021.rs:27:20
   |
LL | const C_CORE: () = core::unreachable!();
   |                    ^^^^^^^^^^^^^^^^^^^^ panic: internal error: entered unreachable code
   |
   = note: this error originates in the macro `$crate::panic::unreachable_2021` which comes from the expansion of the macro `core::unreachable` (in Nightly builds, run with -Z macro-backtrace for more info)

error[E0080]: evaluation of constant value failed
  --> $DIR/const_panic_2021.rs:30:20
   |
LL | const D_CORE: () = core::unimplemented!();
   |                    ^^^^^^^^^^^^^^^^^^^^^^ panic: not implemented
   |
   = note: this error originates in the macro `core::unimplemented` (in Nightly builds, run with -Z macro-backtrace for more info)

error[E0080]: evaluation of constant value failed
  --> $DIR/const_panic_2021.rs:33:20
   |
LL | const E_CORE: () = core::panic!("{}", MSG);
   |                    ^^^^^^^^^^^^^^^^^^^^^^^ panic: hello
   |
   = note: this error originates in the macro `$crate::panic::panic_2021` which comes from the expansion of the macro `core::panic` (in Nightly builds, run with -Z macro-backtrace for more info)

error: aborting due to 10 previous errors

For more information about this error, try `rustc --explain E0080`.
