error[E0277]: the trait `Pattern<'_>` is not implemented for `&char`
  --> $DIR/root-obligation.rs:6:38
   |
LL |         .filter(|c| "aeiou".contains(c))
   |                             -------- ^ the trait `Pattern<'_>` is not implemented for `&char`, which is required by `&char: Pattern<'_>`
   |                             |
   |                             required by a bound introduced by this call
   |
   = help: the trait `Pattern<'_>` is implemented for `char`
   = help: for that trait implementation, expected `char`, found `&char`
   = note: required for `&char` to implement `FnOnce<(char,)>`
   = note: required for `&char` to implement `Pattern<'_>`
note: required by a bound in `core::str::<impl str>::contains`
  --> $SRC_DIR/core/src/str/mod.rs:LL:COL

error: aborting due to 1 previous error

For more information about this error, try `rustc --explain E0277`.
