error[E0277]: the size for values of type `str` cannot be known at compilation time
  --> $DIR/unsized-fn-param.rs:11:11
   |
LL |     foo11("bar", &"baz");
   |           ^^^^^ doesn't have a size known at compile-time
   |
   = help: the trait `Sized` is not implemented for `str`
   = note: required for the cast to the object type `dyn AsRef<Path>`
   = note: required because of the requirements on the impl of `CoerceUnsized<&dyn AsRef<Path>>` for `&str`
   = note: required by cast to type `&dyn AsRef<Path>`
note: &'static str as &dyn std::convert::AsRef<std::path::Path>
  --> $DIR/unsized-fn-param.rs:11:11
   |
LL |     foo11("bar", &"baz");
   |           ^^^^^

error[E0277]: the size for values of type `str` cannot be known at compilation time
  --> $DIR/unsized-fn-param.rs:13:19
   |
LL |     foo12(&"bar", "baz");
   |                   ^^^^^ doesn't have a size known at compile-time
   |
   = help: the trait `Sized` is not implemented for `str`
   = note: required for the cast to the object type `dyn AsRef<Path>`
   = note: required because of the requirements on the impl of `CoerceUnsized<&dyn AsRef<Path>>` for `&str`
   = note: required by cast to type `&dyn AsRef<Path>`
note: &'static str as &dyn std::convert::AsRef<std::path::Path>
  --> $DIR/unsized-fn-param.rs:13:19
   |
LL |     foo12(&"bar", "baz");
   |                   ^^^^^

error[E0277]: the size for values of type `str` cannot be known at compilation time
  --> $DIR/unsized-fn-param.rs:16:11
   |
LL |     foo21("bar", &"baz");
   |           ^^^^^ doesn't have a size known at compile-time
   |
   = help: the trait `Sized` is not implemented for `str`
   = note: required for the cast to the object type `dyn AsRef<str>`
   = note: required because of the requirements on the impl of `CoerceUnsized<&dyn AsRef<str>>` for `&str`
   = note: required by cast to type `&dyn AsRef<str>`
note: &'static str as &dyn std::convert::AsRef<str>
  --> $DIR/unsized-fn-param.rs:16:11
   |
LL |     foo21("bar", &"baz");
   |           ^^^^^

error[E0277]: the size for values of type `str` cannot be known at compilation time
  --> $DIR/unsized-fn-param.rs:18:19
   |
LL |     foo22(&"bar", "baz");
   |                   ^^^^^ doesn't have a size known at compile-time
   |
   = help: the trait `Sized` is not implemented for `str`
   = note: required for the cast to the object type `dyn AsRef<str>`
   = note: required because of the requirements on the impl of `CoerceUnsized<&dyn AsRef<str>>` for `&str`
   = note: required by cast to type `&dyn AsRef<str>`
note: &'static str as &dyn std::convert::AsRef<str>
  --> $DIR/unsized-fn-param.rs:18:19
   |
LL |     foo22(&"bar", "baz");
   |                   ^^^^^

error: aborting due to 4 previous errors

For more information about this error, try `rustc --explain E0277`.
