error[E0529]: expected an array or slice, found `((((i32, i32, i32, i32), (i32, i32, i32, i32), (i32, i32, i32, i32), (i32, i32, i32, i32)), ((i32, i32, i32, i32), (i32, i32, i32, i32), (i32, i32, i32, i32), (i32, i32, i32, i32)), ((i32, i32, i32, i32), (i32, i32, i32, i32), (i32, i32, i32, i32), (i32, i32, i32, i32)), ((i32, i32, i32, i32), (i32, i32, i32, i32), (i32, i32, i32, i32), (i32, i32, i32, i32))), (((i32, i32, i32, i32), (i32, i32, i32, i32), (i32, i32, i32, i32), (i32, i32, i32, i32)), ((i32, i32, i32, i32), (i32, i32, i32, i32), (i32, i32, i32, i32), (i32, i32, i32, i32)), ((i32, i32, i32, i32), (i32, i32, i32, i32), (i32, i32, i32, i32), (i32, i32, i32, i32)), ((i32, i32, i32, i32), (i32, i32, i32, i32), (i32, i32, i32, i32), (i32, i32, i32, i32))), (((i32, i32, i32, i32), (i32, i32, i32, i32), (i32, i32, i32, i32), (i32, i32, i32, i32)), ((i32, i32, i32, i32), (i32, i32, i32, i32), (i32, i32, i32, i32), (i32, i32, i32, i32)), ((i32, i32, i32, i32), (i32, i32, i32, i32), (i32, i32, i32, i32), (i32, i32, i32, i32)), ((i32, i32, i32, i32), (i32, i32, i32, i32), (i32, i32, i32, i32), (i32, i32, i32, i32))), (((i32, i32, i32, i32), (i32, i32, i32, i32), (i32, i32, i32, i32), (i32, i32, i32, i32)), ((i32, i32, i32, i32), (i32, i32, i32, i32), (i32, i32, i32, i32), (i32, i32, i32, i32)), ((i32, i32, i32, i32), (i32, i32, i32, i32), (i32, i32, i32, i32), (i32, i32, i32, i32)), ((i32, i32, i32, i32), (i32, i32, i32, i32), (i32, i32, i32, i32), (i32, i32, i32, i32))))`
  --> $DIR/long-E0529.rs:10:9
   |
LL |     let [] = x;
   |         ^^ pattern cannot match with input type `((((i32, i32, i32, i32), (i32, i32, i32, i32), (i32, i32, i32, i32), (i32, i32, i32, i32)), ((i32, i32, i32, i32), (i32, i32, i32, i32), (i32, i32, i32, i32), (i32, i32, i32, i32)), ((i32, i32, i32, i32), (i32, i32, i32, i32), (i32, i32, i32, i32), (i32, i32, i32, i32)), ((i32, i32, i32, i32), (i32, i32, i32, i32), (i32, i32, i32, i32), (i32, i32, i32, i32))), (((i32, i32, i32, i32), (i32, i32, i32, i32), (i32, i32, i32, i32), (i32, i32, i32, i32)), ((i32, i32, i32, i32), (i32, i32, i32, i32), (i32, i32, i32, i32), (i32, i32, i32, i32)), ((i32, i32, i32, i32), (i32, i32, i32, i32), (i32, i32, i32, i32), (i32, i32, i32, i32)), ((i32, i32, i32, i32), (i32, i32, i32, i32), (i32, i32, i32, i32), (i32, i32, i32, i32))), (((i32, i32, i32, i32), (i32, i32, i32, i32), (i32, i32, i32, i32), (i32, i32, i32, i32)), ((i32, i32, i32, i32), (i32, i32, i32, i32), (i32, i32, i32, i32), (i32, i32, i32, i32)), ((i32, i32, i32, i32), (i32, i32, i32, i32), (i32, i32, i32, i32), (i32, i32, i32, i32)), ((i32, i32, i32, i32), (i32, i32, i32, i32), (i32, i32, i32, i32), (i32, i32, i32, i32))), (((i32, i32, i32, i32), (i32, i32, i32, i32), (i32, i32, i32, i32), (i32, i32, i32, i32)), ((i32, i32, i32, i32), (i32, i32, i32, i32), (i32, i32, i32, i32), (i32, i32, i32, i32)), ((i32, i32, i32, i32), (i32, i32, i32, i32), (i32, i32, i32, i32), (i32, i32, i32, i32)), ((i32, i32, i32, i32), (i32, i32, i32, i32), (i32, i32, i32, i32), (i32, i32, i32, i32))))`

error: aborting due to 1 previous error

For more information about this error, try `rustc --explain E0529`.
