error[E0034]: multiple applicable items in scope
  --> $DIR/associated-const-ambiguity-report.rs:17:16
   |
LL | const X: i32 = <i32>::ID;
   |                ^^^^^^^^^ multiple `ID` found
   |
note: candidates defined here:
  --> $DIR/associated-const-ambiguity-report.rs:10:5
   |
LL |     const ID: i32 = 1;
   |     ^^^^^^^^^^^^^^^^^^ candidate #1 is defined in an impl of the trait `Foo` for the type `i32`
...
LL |     const ID: i32 = 3;
   |     ^^^^^^^^^^^^^^^^^^ candidate #2 is defined in an impl of the trait `Bar` for the type `i32`
help: disambiguate the associated constant for candidate #1
   |
LL | const X: i32 = Foo::ID;
   |                ^^^^^^^
help: disambiguate the associated constant for candidate #2
   |
LL | const X: i32 = Bar::ID;
   |                ^^^^^^^

error: aborting due to previous error

For more information about this error, try `rustc --explain E0034`.
