error[E0308]: mismatched types
  --> $DIR/issue-28308.rs:2:13
   |
LL |     assert!("foo");
   |             ^^^^^ expected `bool`, found `str`
   |
   = note: this error originates in the macro `assert` (in Nightly builds, run with -Z macro-backtrace for more info)

error[E0308]: mismatched types
  --> $DIR/issue-28308.rs:6:13
   |
LL |     assert!(x);
   |             ^ expected `bool`, found `Option<&{integer}>`
   |
   = note: expected enum `bool`
              found type `Option<&{integer}>`
   = note: this error originates in the macro `assert` (in Nightly builds, run with -Z macro-backtrace for more info)

error[E0308]: mismatched types
  --> $DIR/issue-28308.rs:11:13
   |
LL |     assert!(x, "");
   |             ^ expected `bool`, found `Option<&{integer}>`
   |
   = note: expected enum `bool`
              found type `Option<&{integer}>`
   = note: this error originates in the macro `assert` (in Nightly builds, run with -Z macro-backtrace for more info)

error: aborting due to 3 previous errors

For more information about this error, try `rustc --explain E0308`.
